{
  "0 debug pnpm:scope": {
    "selected": 1,
    "total": 1,
    "workspacePrefix": "/Users/isaacweber/Eva/work/texo"
  },
  "1 debug pnpm:package-manifest": {
    "initial": {
      "name": "@texo/source",
      "version": "0.0.0",
      "private": true,
      "license": "MIT",
      "scripts": {
        "start": "nx serve",
        "build": "nx build",
        "test": "nx test"
      },
      "nx": {
        "includedScripts": []
      },
      "dependencies": {
        "@mantine/code-highlight": "9.6.0",
        "@mantine/core": "9.6.0",
        "@mantine/hooks": "9.6.0",
        "@tabler/icons-react": "^3.46.0",
        "@tanstack/charts": "^0.16.0",
        "react": "^19.0.0",
        "react-dom": "^19.0.0",
        "react-router-dom": "6.30.3"
      },
      "devDependencies": {
        "@babel/core": "^7.14.5",
        "@babel/preset-react": "^7.14.5",
        "@eslint/js": "^9.8.0",
        "@nx/eslint": "23.2.0",
        "@nx/eslint-plugin": "23.2.0",
        "@nx/js": "23.2.0",
        "@nx/react": "23.2.0",
        "@nx/vite": "23.2.0",
        "@nx/vitest": "23.2.0",
        "@nx/web": "23.2.0",
        "@nx/workspace": "23.2.0",
        "@swc/cli": "~0.8.1",
        "@swc/core": "~1.15.5",
        "@swc/helpers": "~0.5.18",
        "@testing-library/dom": "10.4.0",
        "@testing-library/react": "16.3.0",
        "@types/node": "^22.0.0",
        "@types/react": "^19.0.0",
        "@types/react-dom": "^19.0.0",
        "@vitejs/plugin-react": "^6.0.0",
        "@vitest/coverage-v8": "~4.1.0",
        "@vitest/ui": "~4.1.0",
        "eslint": "^9.8.0",
        "eslint-config-prettier": "^10.0.0",
        "eslint-plugin-import": "2.31.0",
        "eslint-plugin-jsx-a11y": "6.10.1",
        "eslint-plugin-react": "^7.35.0",
        "eslint-plugin-react-hooks": "5.0.0",
        "jiti": "2.4.2",
        "jsdom": "^27.1.0",
        "nx": "23.2.0",
        "prettier": "~3.6.2",
        "tslib": "^2.3.0",
        "typescript": "~6.0.3",
        "typescript-eslint": "^8.58.0",
        "vite": "^8.0.0",
        "vitest": "~4.1.0"
      }
    },
    "prefix": "/Users/isaacweber/Eva/work/texo"
  },
  "2 warn pnpm:lockfile": {
    "message": "Ignoring not compatible lockfile at /Users/isaacweber/Eva/work/texo/pnpm-lock.yaml",
    "prefix": "/Users/isaacweber/Eva/work/texo"
  },
  "3 debug pnpm:context": {
    "currentLockfileExists": false,
    "storeDir": "/Users/isaacweber/.pnpm-store/v3",
    "virtualStoreDir": "/Users/isaacweber/Eva/work/texo/node_modules/.pnpm"
  },
  "4 error pnpm": {
    "err": {
      "name": "pnpm",
      "message": "Headless installation requires a pnpm-lock.yaml file",
      "stack": "pnpm: Headless installation requires a pnpm-lock.yaml file\n    at _install (/snapshot/dist/pnpm.cjs)\n    at mutateModules (/snapshot/dist/pnpm.cjs)\n    at async recursive (/snapshot/dist/pnpm.cjs)\n    at async handler (/snapshot/dist/pnpm.cjs)\n    at async /snapshot/dist/pnpm.cjs\n    at async run (/snapshot/dist/pnpm.cjs)\n    at async runPnpm (/snapshot/dist/pnpm.cjs)\n    at async /snapshot/dist/pnpm.cjs"
    }
  }
}